#-----------------------------------------------------------
# Vivado v2023.1 (64-bit)
# SW Build 3865809 on Sun May  7 15:05:29 MDT 2023
# IP Build 3864474 on Sun May  7 20:36:21 MDT 2023
# SharedData Build 3865790 on Sun May 07 13:33:03 MDT 2023
# Start of session at: Mon Oct 23 16:08:50 2023
# Process ID: 8764
# Current directory: C:/Users/yuta0/Downloads/music_sequencer/music_sequencer/music_sequencer
# Command line: vivado.exe -gui_launcher_event rodinguilauncherevent13436 C:\Users\yuta0\Downloads\music_sequencer\music_sequencer\music_sequencer\music_sequencer.xpr
# Log file: C:/Users/yuta0/Downloads/music_sequencer/music_sequencer/music_sequencer/vivado.log
# Journal file: C:/Users/yuta0/Downloads/music_sequencer/music_sequencer/music_sequencer\vivado.jou
# Running On: TSUKANO, OS: Windows, CPU Frequency: 1996 MHz, CPU Physical cores: 16, Host memory: 14877 MB
#-----------------------------------------------------------
start_gui
open_project C:/Users/yuta0/Downloads/music_sequencer/music_sequencer/music_sequencer/music_sequencer.xpr
update_compile_order -fileset sources_1
open_run synth_1 -name synth_1
ynth_1 -jobs 8
wait_on_run synth_1
open_run synth_1 -name synth_1
launch_runs impl_1 -to_step write_bitstream -jobs 8
wait_on_run impl_1
close_design
synth_design -rtl -rtl_skip_mlo -name rtl_1
